@!@!@STARTMSG 2262:0 @!@!@
TLC2 Version 2026.09.14.200039 (rev: 5dbdb42)
@!@!@ENDMSG 2262 @!@!@
@!@!@STARTMSG 2187:0 @!@!@
Running breadth-first search Model-Checking with fp 57 and seed -5668500888578504442 with 1 worker on 12 cores with 14564MB heap and 64MB offheap memory [pid: 66609] (Mac OS X 26.5.1 aarch64, Eclipse Adoptium 11.0.22 64bit, MSBDiskFPSet, DiskStateQueue).
@!@!@ENDMSG 2187 @!@!@
@!@!@STARTMSG 2220:0 @!@!@
Starting SANY...
@!@!@ENDMSG 2220 @!@!@
Parsing file /Users/dirk-janswagerman/Projects/tlaplus_introduction_fresenius/2_models/AlarmManager/AlarmBelief_agrees_when_reachable_and_settled.tla
Parsing file /Users/dirk-janswagerman/Projects/tlaplus_introduction_fresenius/2_models/AlarmManager/BaseSpec_AlarmManager.tla
Parsing file /private/var/folders/vs/d6ctqcjd5vx3_zx2zhr1qkbc0000gn/T/tlc-1953137252110708047/Sequences.tla (jar:file:/Users/dirk-janswagerman/.vscode/extensions/tlaplus.vscode-ide-2026.9.142119/tools/tla2tools.jar!/tla2sany/StandardModules/Sequences.tla)
Parsing file /private/var/folders/vs/d6ctqcjd5vx3_zx2zhr1qkbc0000gn/T/tlc-1953137252110708047/_TLCTrace.tla (jar:file:/Users/dirk-janswagerman/.vscode/extensions/tlaplus.vscode-ide-2026.9.142119/tools/tla2tools.jar!/tla2sany/StandardModules/_TLCTrace.tla)
Parsing file /private/var/folders/vs/d6ctqcjd5vx3_zx2zhr1qkbc0000gn/T/tlc-1953137252110708047/Naturals.tla (jar:file:/Users/dirk-janswagerman/.vscode/extensions/tlaplus.vscode-ide-2026.9.142119/tools/tla2tools.jar!/tla2sany/StandardModules/Naturals.tla)
Parsing file /Users/dirk-janswagerman/Projects/tlaplus_introduction_fresenius/2_models/AlarmManager/Infrastructure_Channel.tla
Parsing file /private/var/folders/vs/d6ctqcjd5vx3_zx2zhr1qkbc0000gn/T/tlc-1953137252110708047/FiniteSets.tla (jar:file:/Users/dirk-janswagerman/.vscode/extensions/tlaplus.vscode-ide-2026.9.142119/tools/tla2tools.jar!/tla2sany/StandardModules/FiniteSets.tla)
Parsing file /Users/dirk-janswagerman/Projects/tlaplus_introduction_fresenius/2_models/AlarmManager/Component_Pump.tla
Parsing file /Users/dirk-janswagerman/Projects/tlaplus_introduction_fresenius/2_models/AlarmManager/Component_AlarmManager.tla
Parsing file /private/var/folders/vs/d6ctqcjd5vx3_zx2zhr1qkbc0000gn/T/tlc-1953137252110708047/TLC.tla (jar:file:/Users/dirk-janswagerman/.vscode/extensions/tlaplus.vscode-ide-2026.9.142119/tools/tla2tools.jar!/tla2sany/StandardModules/TLC.tla)
Parsing file /private/var/folders/vs/d6ctqcjd5vx3_zx2zhr1qkbc0000gn/T/tlc-1953137252110708047/TLCExt.tla (jar:file:/Users/dirk-janswagerman/.vscode/extensions/tlaplus.vscode-ide-2026.9.142119/tools/tla2tools.jar!/tla2sany/StandardModules/TLCExt.tla)
Parsing file /private/var/folders/vs/d6ctqcjd5vx3_zx2zhr1qkbc0000gn/T/tlc-1953137252110708047/Integers.tla (jar:file:/Users/dirk-janswagerman/.vscode/extensions/tlaplus.vscode-ide-2026.9.142119/tools/tla2tools.jar!/tla2sany/StandardModules/Integers.tla)
Semantic processing of module Naturals
Semantic processing of module Sequences
Semantic processing of module FiniteSets
Semantic processing of module Infrastructure_Channel
Semantic processing of module Component_Pump
Semantic processing of module Component_AlarmManager
Semantic processing of module BaseSpec_AlarmManager
Semantic processing of module TLC
Semantic processing of module Integers
Semantic processing of module TLCExt
Semantic processing of module _TLCTrace
Semantic processing of module AlarmBelief_agrees_when_reachable_and_settled
Linting of module Infrastructure_Channel
Linting of module Component_Pump
Linting of module Component_AlarmManager
Linting of module BaseSpec_AlarmManager
Linting of module TLCExt
Linting of module _TLCTrace
Linting of module AlarmBelief_agrees_when_reachable_and_settled
@!@!@STARTMSG 2219:0 @!@!@
SANY finished.
@!@!@ENDMSG 2219 @!@!@
@!@!@STARTMSG 2185:0 @!@!@
Starting... (2026-09-16 00:43:03)
@!@!@ENDMSG 2185 @!@!@
@!@!@STARTMSG 2189:0 @!@!@
Computing initial states...
@!@!@ENDMSG 2189 @!@!@
@!@!@STARTMSG 2190:0 @!@!@
Finished computing initial states: 1 distinct state generated at 2026-09-16 00:43:03.
@!@!@ENDMSG 2190 @!@!@
@!@!@STARTMSG 2200:0 @!@!@
Progress(15) at 2026-09-16 00:43:06: 73.104 states generated (73.104 s/min), 22.808 distinct states found (22.808 ds/min), 6.885 states left on queue.
@!@!@ENDMSG 2200 @!@!@
@!@!@STARTMSG 2193:0 @!@!@
Model checking completed. No error has been found.
  Estimates of the probability that TLC did not check all reachable states
  because two distinct states had the same fingerprint:
  calculated (optimistic):  val = 1.3E-9
  based on the actual fingerprints:  val = 2.4E-10
@!@!@ENDMSG 2193 @!@!@
@!@!@STARTMSG 2200:0 @!@!@
Progress(24) at 2026-09-16 00:43:15: 365.953 states generated (1.817.196 s/min), 84.672 distinct states found (420.451 ds/min), 0 states left on queue.
@!@!@ENDMSG 2200 @!@!@
@!@!@STARTMSG 2199:0 @!@!@
365953 states generated, 84672 distinct states found, 0 states left on queue.
@!@!@ENDMSG 2199 @!@!@
@!@!@STARTMSG 2194:0 @!@!@
The depth of the complete state graph search is 24.
@!@!@ENDMSG 2194 @!@!@
@!@!@STARTMSG 2268:0 @!@!@
The average outdegree of the complete state graph is 1 (minimum is 0, the maximum 6 and the 95th percentile is 3).
@!@!@ENDMSG 2268 @!@!@
@!@!@STARTMSG 2186:0 @!@!@
Finished in 12104ms at (2026-09-16 00:43:15)
@!@!@ENDMSG 2186 @!@!@
